// Jest Snapshot v1, https://goo.gl/fbAQLP

exports[`Component: LazyComponent should not render anything 1`] = `null`;
