// Jest Snapshot v1, https://goo.gl/fbAQLP

exports[`Skills should render with full props 1`] = `
<div
  className="nice-panel character-view__skills info"
  id={undefined}
>
  <div
    className="nice-panel-heading"
  >
    Skills
  </div>
  <table
    className="nice-panel-content nice-table bordered"
  >
    <thead>
      <tr>
        <th
          className="text-align-center"
          colSpan="2"
        >
          Strength
        </th>
      </tr>
    </thead>
    <tbody>
      <tr>
        <th>
          Athletics
        </th>
        <td>
          <span
            className="icon fa-check-square-o"
          >
             
          </span>
          <span
            className="icon fa-check-square-o"
          >
             
          </span>
          <div
            className="bonus inline"
          >
            +
            7
          </div>
        </td>
      </tr>
    </tbody>
    <thead>
      <tr>
        <th
          className="text-align-center"
          colSpan="2"
        >
          Wisdom
        </th>
      </tr>
    </thead>
    <tbody>
      <tr>
        <th>
          Insight
        </th>
        <td>
          <span
            className="icon fa-square-o"
          >
             
          </span>
          <span
            className="icon fa-square-o"
          >
             
          </span>
          <div
            className="bonus inline"
          >
            -1
          </div>
        </td>
      </tr>
      <tr>
        <th>
          Survival
        </th>
        <td>
          <span
            className="icon fa-check-square-o"
          >
             
          </span>
          <span
            className="icon fa-square-o"
          >
             
          </span>
          <div
            className="bonus inline"
          >
            +
            1
          </div>
        </td>
      </tr>
    </tbody>
  </table>
</div>
`;

exports[`Skills should render without props 1`] = `null`;
