// Jest Snapshot v1, https://goo.gl/fbAQLP

exports[`Component: ChoiceSelect should render with all props 1`] = `
<ChoiceSelect
  options={
    Array [
      Object {
        "name": "Choice A",
        "path": "some.path",
        "type": "value",
        "uuid": "mocked-uuid-2",
        "value": "Option one",
      },
      Object {
        "description": "Some *text* here",
        "name": "Choice B",
        "path": "some.path",
        "type": "value",
        "uuid": "mocked-uuid-3",
        "value": "Option two",
      },
    ]
  }
  selected="mocked-uuid-3"
  setState={[Function]}
  type="choice"
  uuid="mocked-uuid-1"
>
  <TabComponent
    activeTab={1}
    onTabChange={[Function]}
    tabConfig={
      Array [
        Object {
          "name": "Choice A",
          "path": "some.path",
          "type": "value",
          "uuid": "mocked-uuid-2",
          "value": "Option one",
        },
        Object {
          "description": "Some *text* here",
          "name": "Choice B",
          "path": "some.path",
          "type": "value",
          "uuid": "mocked-uuid-3",
          "value": "Option two",
        },
      ]
    }
  >
    <div
      className="nice-tabs-wrapper tab-component"
    >
      <ul
        className="nice-tabs bold"
      >
        <Tab
          active={false}
          color={null}
          disabled={false}
          icon={null}
          key="tab-0/.$mocked-uuid-2"
          name="Choice A"
          onSelect={[Function]}
          path="some.path"
          type="value"
          uuid="mocked-uuid-2"
          value="Option one"
        >
          <li
            className="tab-component__tab"
          >
            <a
              className="cursor-pointer"
              onClick={[Function]}
            >
              Choice A
            </a>
          </li>
        </Tab>
        <Tab
          active={true}
          color={null}
          description="Some *text* here"
          disabled={false}
          icon={null}
          key="tab-1/.$mocked-uuid-3"
          name="Choice B"
          onSelect={[Function]}
          path="some.path"
          type="value"
          uuid="mocked-uuid-3"
          value="Option two"
        >
          <li
            className="tab-component__tab current"
          >
            <a
              className="cursor-pointer"
              onClick={null}
            >
              Choice B
            </a>
          </li>
        </Tab>
      </ul>
      <ul
        className="nice-tab-content"
      >
        <li
          className="current"
          key=".$mocked-uuid-3"
        >
          <CharacterConfig
            config={
              Array [
                Object {
                  "description": "Some *text* here",
                  "name": null,
                  "path": "some.path",
                  "type": "value",
                  "uuid": "mocked-uuid-3",
                  "value": "Option two",
                },
              ]
            }
            key="mocked-uuid-3"
            type="config"
            uuid="mocked-uuid-3"
          >
            <FormGroup
              key="mocked-uuid-3"
              label={null}
            >
              <div
                className="nice-form-group"
              >
                <label />
                <MDReactComponent
                  text="Some *text* here"
                >
                  <span
                    key="mdrct-html-0"
                  >
                    <p
                      key="mdrct-p-0"
                    >
                      Some 
                      <em
                        key="mdrct-em-1"
                      >
                        text
                      </em>
                       here
                    </p>
                  </span>
                </MDReactComponent>
                <CharacterEditorComponent
                  path="some.path"
                  type="value"
                  uuid="mocked-uuid-3"
                  value="Option two"
                >
                  <ValuePropertySelect
                    hidden={false}
                    onSave={[Function]}
                    onUpdate={[Function]}
                    setState={[Function]}
                    type="value"
                    uuid="mocked-uuid-3"
                    value="Option two"
                  >
                    <MDReactComponent
                      text="Option two"
                    >
                      <span
                        key="mdrct-html-0"
                      >
                        <p
                          key="mdrct-p-0"
                        >
                          Option two
                        </p>
                      </span>
                    </MDReactComponent>
                  </ValuePropertySelect>
                </CharacterEditorComponent>
              </div>
            </FormGroup>
          </CharacterConfig>
        </li>
      </ul>
    </div>
  </TabComponent>
</ChoiceSelect>
`;

exports[`Component: ChoiceSelect should render with minimum props 1`] = `
<ChoiceSelect
  options={Array []}
  selected="mocked-uuid-2"
  setState={[Function]}
  type="choice"
  uuid="mocked-uuid-1"
/>
`;
